// Jest Snapshot v1, https://goo.gl/fbAQLP

exports[`TabForm component renders the complete TabForm 1`] = `
<form
  action="#"
  className="Tab-form "
/>
`;
